.....................................................................    [100%]
=============================== warnings summary ===============================
tests/test_contracts.py::test_gateway_auth_and_origin
  /mnt/data/repackage-work/comfy-workbench-hq/tests/test_contracts.py:115: NotAppKeyWarning: It is recommended to use web.AppKey instances for keys.
  https://docs.aiohttp.org/en/stable/web_advanced.html#application-s-config
    app=web.Application(middlewares=[security]);app['password']='test-password-value'

tests/test_contracts.py::test_gateway_auth_and_origin
  /opt/pyvenv/lib/python3.13/site-packages/aiohttp/web_urldispatcher.py:208: DeprecationWarning: Bare functions are deprecated, use async ones
    warnings.warn(

-- Docs: https://docs.pytest.org/en/stable/how-to/capture-warnings.html
69 passed, 2 warnings in 3.90s
